
> proper-2.9-frontend@2.9.0 test
> react-scripts test src/features/security-operations-center

node.exe : FAIL src/f
eatures/security-oper
ations-center/__tests
__/SecurityOperations
Context.test.tsx
At C:\Program Files\n
odejs\npm.ps1:29 
char:3
+   & $NODE_EXE 
$NPM_CLI_JS $args
+   ~~~~~~~~~~~~~~~~~
~~~~~~~~~~~~
    + CategoryInfo   
           : NotSpe  
  cified: (FAIL sr   
 c/featur...ontex    
t.test.tsx:Strin    
g) [], RemoteExc    
eption
    + FullyQualified 
   ErrorId : Native  
  CommandError
 
  ΓùÅ Console

    console.error
      Warning: `React
DOMTestUtils.act` is 
deprecated in favor 
of `React.act`. 
Import `act` from 
`react` instead of `r
eact-dom/test-utils`.
 See https://react.de
v/warnings/react-dom-
test-utils for more 
info.

    [0m [90m 81 
|[39m
     [90m 82 |[39m 
  it([32m'provides 
context values to chi
ldren'[39m[33m,[39
m () [33m=>[39m {
    [31m[1m>[22m[
39m[90m 83 |[39m   
  render(
     [90m    |[39m 
          
[31m[1m^[22m[39m
     [90m 84 |[39m 
      [33m<[39m[33
mSecurityOperationsPr
ovider[39m[33m>[39
m
     [90m 85 |[39m 
        [33m<[39m[
33mTestComponent[39m
 [33m/[39m[33m>[3
9m
     [90m 86 |[39m 
      [33m<[39m[33
m/[39m[33mSecurityO
perationsProvider[39
m[33m>[39m[0m

      at 
printWarning (node_mo
dules/react-dom/cjs/r
eact-dom-test-utils.d
evelopment.js:71:30)
      at error (node_
modules/react-dom/cjs
/react-dom-test-utils
.development.js:45:7)
      at 
actWithWarning (node_
modules/react-dom/cjs
/react-dom-test-utils
.development.js:1736:
7)
      at node_modules
/@testing-library/rea
ct/dist/act-compat.js
:63:25
      at renderRoot (
node_modules/@testing
-library/react/dist/p
ure.js:159:26)
      at render (node
_modules/@testing-lib
rary/react/dist/pure.
js:246:10)
      at 
Object.<anonymous> (s
rc/features/security-
operations-center/__t
ests__/SecurityOperat
ionsContext.test.tsx:
83:11)

  ΓùÅ SecurityOperati
onsContext ΓÇ║ 
provides context 
values to children

    TypeError: expect
(...).toHaveTextConte
nt is not a function

    [0m [90m 87 
|[39m     
)[33m;[39m
     [90m 88 |[39m
    [31m[1m>[22m[
39m[90m 89 |[39m   
  expect(screen[33m.
[39mgetByTestId([32
m'camera-count'[39m)
)[33m.[39mtoHaveTex
tContent([32m'0'[39
m)[33m;[39m
     [90m    |[39m 
                     
                     
     
[31m[1m^[22m[39m
     [90m 90 |[39m 
    expect(screen[33
m.[39mgetByTestId([
32m'metrics-total'[3
9m))[33m.[39mtoHave
TextContent([32m'0'
[39m)[33m;[39m
     [90m 91 |[39m 
  })[33m;[39m
     [90m 92 
|[39m[0m

      at 
Object.<anonymous> (s
rc/features/security-
operations-center/__t
ests__/SecurityOperat
ionsContext.test.tsx:
89:48)

FAIL src/features/sec
urity-operations-cent
er/__tests__/useSecur
ityOperationsState.te
st.ts
  ΓùÅ Console

    console.error
      Warning: `React
DOMTestUtils.act` is 
deprecated in favor 
of `React.act`. 
Import `act` from 
`react` instead of `r
eact-dom/test-utils`.
 See https://react.de
v/warnings/react-dom-
test-utils for more 
info.

    [0m [90m  99 
|[39m
     [90m 100 
|[39m   
it([32m'initializes 
with default state'[
39m[33m,[39m () 
[33m=>[39m {
    [31m[1m>[22m[
39m[90m 101 |[39m  
   [36mconst[39m { 
result } [33m=[39m 
renderHook(() 
[33m=>[39m useSecur
ityOperationsState())
[33m;[39m
     [90m     
|[39m               
                   
[31m[1m^[22m[39m
     [90m 102 |[39m
     [90m 103 
|[39m     expect(res
ult[33m.[39mcurrent
[33m.[39mcameras[3
3m.[39mlength)[33m.
[39mtoBe([35m0[39m
)[33m;[39m
     [90m 104 
|[39m     expect(res
ult[33m.[39mcurrent
[33m.[39mrecordings
[33m.[39mlength)[3
3m.[39mtoBe([35m0[
39m)[33m;[39m[0m

      at 
printWarning (node_mo
dules/react-dom/cjs/r
eact-dom-test-utils.d
evelopment.js:71:30)
      at error (node_
modules/react-dom/cjs
/react-dom-test-utils
.development.js:45:7)
      at 
actWithWarning (node_
modules/react-dom/cjs
/react-dom-test-utils
.development.js:1736:
7)
      at node_modules
/@testing-library/rea
ct/dist/act-compat.js
:63:25
      at renderRoot (
node_modules/@testing
-library/react/dist/p
ure.js:159:26)
      at render (node
_modules/@testing-lib
rary/react/dist/pure.
js:246:10)
      at renderHook (
node_modules/@testing
-library/react/dist/p
ure.js:293:7)
      at 
Object.<anonymous> (s
rc/features/security-
operations-center/__t
ests__/useSecurityOpe
rationsState.test.ts:
101:34)

    console.error
      Warning: An 
update to 
TestComponent inside 
a test was not 
wrapped in act(...).
      
      When testing, 
code that causes 
React state updates 
should be wrapped 
into act(...):
      
      act(() => {
        /* fire 
events that update 
state */
      });
      /* assert on 
the output */
      
      This ensures 
that you're testing 
the behavior the 
user would see in 
the browser. Learn 
more at https://react
js.org/link/wrap-test
s-with-act
          at 
TestComponent (C:\dev
\proper-29\frontend\n
ode_modules\@testing-
library\react\dist\pu
re.js:281:5)

    [0m [90m 135 
|[39m     
[36mtry[39m {
     [90m 136 
|[39m       
[36mconst[39m data 
[33m=[39m 
[36mawait[39m secur
ityOpsService[33m.[
39mgetCameras()[33m;
[39m
    [31m[1m>[22m[
39m[90m 137 |[39m  
     setCameras(data)
[33m;[39m
     [90m     
|[39m       
[31m[1m^[22m[39m
     [90m 138 
|[39m     } 
[36mcatch[39m 
(error) {
     [90m 139 
|[39m       logger[
33m.[39merror([32m'
Failed to refresh cam
eras'[39m[33m,[39m
 error 
[36minstanceof[39m 
[33mError[39m 
[33m?[39m error 
[33m:[39m 
[36mnew[39m [33mEr
ror[39m([33mString
[39m(error))[33m,[3
9m {
     [90m 140 
|[39m         
module[33m:[39m [3
2m'SecurityOperations
'[39m[33m,[39m[0m

      at 
printWarning (node_mo
dules/react-dom/cjs/r
eact-dom.development.
js:86:30)
      at error (node_
modules/react-dom/cjs
/react-dom.developmen
t.js:60:7)
      at warnIfUpdate
sNotWrappedWithActDEV
 (node_modules/react-
dom/cjs/react-dom.dev
elopment.js:27628:9)
      at scheduleUpda
teOnFiber (node_modul
es/react-dom/cjs/reac
t-dom.development.js:
25547:5)
      at setCameras (
node_modules/react-do
m/cjs/react-dom.devel
opment.js:16708:7)
      at src/features
/security-operations-
center/hooks/useSecur
ityOperationsState.ts
:137:7

    console.error
      Warning: An 
update to 
TestComponent inside 
a test was not 
wrapped in act(...).
      
      When testing, 
code that causes 
React state updates 
should be wrapped 
into act(...):
      
      act(() => {
        /* fire 
events that update 
state */
      });
      /* assert on 
the output */
      
      This ensures 
that you're testing 
the behavior the 
user would see in 
the browser. Learn 
more at https://react
js.org/link/wrap-test
s-with-act
          at 
TestComponent (C:\dev
\proper-29\frontend\n
ode_modules\@testing-
library\react\dist\pu
re.js:281:5)

    [0m [90m 142 
|[39m       
})[33m;[39m
     [90m 143 
|[39m     } 
[36mfinally[39m {
    [31m[1m>[22m[
39m[90m 144 |[39m  
     
setLoading((prev) 
[33m=>[39m ({ [33m
...[39mprev[33m,[3
9m 
cameras[33m:[39m 
[36mfalse[39m 
}))[33m;[39m
     [90m     
|[39m       
[31m[1m^[22m[39m
     [90m 145 
|[39m     }
     [90m 146 
|[39m   
}[33m,[39m 
[])[33m;[39m
     [90m 147 
|[39m[0m

      at 
printWarning (node_mo
dules/react-dom/cjs/r
eact-dom.development.
js:86:30)
      at error (node_
modules/react-dom/cjs
/react-dom.developmen
t.js:60:7)
      at warnIfUpdate
sNotWrappedWithActDEV
 (node_modules/react-
dom/cjs/react-dom.dev
elopment.js:27628:9)
      at scheduleUpda
teOnFiber (node_modul
es/react-dom/cjs/reac
t-dom.development.js:
25547:5)
      at setLoading (
node_modules/react-do
m/cjs/react-dom.devel
opment.js:16708:7)
      at src/features
/security-operations-
center/hooks/useSecur
ityOperationsState.ts
:144:7

    console.error
      Warning: An 
update to 
TestComponent inside 
a test was not 
wrapped in act(...).
      
      When testing, 
code that causes 
React state updates 
should be wrapped 
into act(...):
      
      act(() => {
        /* fire 
events that update 
state */
      });
      /* assert on 
the output */
      
      This ensures 
that you're testing 
the behavior the 
user would see in 
the browser. Learn 
more at https://react
js.org/link/wrap-test
s-with-act
          at 
TestComponent (C:\dev
\proper-29\frontend\n
ode_modules\@testing-
library\react\dist\pu
re.js:281:5)

    [0m [90m 150 
|[39m     
[36mtry[39m {
     [90m 151 
|[39m       
[36mconst[39m data 
[33m=[39m 
[36mawait[39m secur
ityOpsService[33m.[
39mgetRecordings()[3
3m;[39m
    [31m[1m>[22m[
39m[90m 152 |[39m  
     setRecordings(da
ta)[33m;[39m
     [90m     
|[39m       
[31m[1m^[22m[39m
     [90m 153 
|[39m     } 
[36mcatch[39m 
(error) {
     [90m 154 
|[39m       logger[
33m.[39merror([32m'
Failed to refresh rec
ordings'[39m[33m,[
39m error 
[36minstanceof[39m 
[33mError[39m 
[33m?[39m error 
[33m:[39m 
[36mnew[39m [33mEr
ror[39m([33mString
[39m(error))[33m,[3
9m {
     [90m 155 
|[39m         
module[33m:[39m [3
2m'SecurityOperations
'[39m[33m,[39m[0m

      at 
printWarning (node_mo
dules/react-dom/cjs/r
eact-dom.development.
js:86:30)
      at error (node_
modules/react-dom/cjs
/react-dom.developmen
t.js:60:7)
      at warnIfUpdate
sNotWrappedWithActDEV
 (node_modules/react-
dom/cjs/react-dom.dev
elopment.js:27628:9)
      at scheduleUpda
teOnFiber (node_modul
es/react-dom/cjs/reac
t-dom.development.js:
25547:5)
      at 
setRecordings (node_m
odules/react-dom/cjs/
react-dom.development
.js:16708:7)
      at src/features
/security-operations-
center/hooks/useSecur
ityOperationsState.ts
:152:7

    console.error
      Warning: An 
update to 
TestComponent inside 
a test was not 
wrapped in act(...).
      
      When testing, 
code that causes 
React state updates 
should be wrapped 
into act(...):
      
      act(() => {
        /* fire 
events that update 
state */
      });
      /* assert on 
the output */
      
      This ensures 
that you're testing 
the behavior the 
user would see in 
the browser. Learn 
more at https://react
js.org/link/wrap-test
s-with-act
          at 
TestComponent (C:\dev
\proper-29\frontend\n
ode_modules\@testing-
library\react\dist\pu
re.js:281:5)

    [0m [90m 157 
|[39m       
})[33m;[39m
     [90m 158 
|[39m     } 
[36mfinally[39m {
    [31m[1m>[22m[
39m[90m 159 |[39m  
     
setLoading((prev) 
[33m=>[39m ({ [33m
...[39mprev[33m,[3
9m recordings[33m:[
39m [36mfalse[39m 
}))[33m;[39m
     [90m     
|[39m       
[31m[1m^[22m[39m
     [90m 160 
|[39m     }
     [90m 161 
|[39m   
}[33m,[39m 
[])[33m;[39m
     [90m 162 
|[39m[0m

      at 
printWarning (node_mo
dules/react-dom/cjs/r
eact-dom.development.
js:86:30)
      at error (node_
modules/react-dom/cjs
/react-dom.developmen
t.js:60:7)
      at warnIfUpdate
sNotWrappedWithActDEV
 (node_modules/react-
dom/cjs/react-dom.dev
elopment.js:27628:9)
      at scheduleUpda
teOnFiber (node_modul
es/react-dom/cjs/reac
t-dom.development.js:
25547:5)
      at setLoading (
node_modules/react-do
m/cjs/react-dom.devel
opment.js:16708:7)
      at src/features
/security-operations-
center/hooks/useSecur
ityOperationsState.ts
:159:7

    console.error
      Warning: An 
update to 
TestComponent inside 
a test was not 
wrapped in act(...).
      
      When testing, 
code that causes 
React state updates 
should be wrapped 
into act(...):
      
      act(() => {
        /* fire 
events that update 
state */
      });
      /* assert on 
the output */
      
      This ensures 
that you're testing 
the behavior the 
user would see in 
the browser. Learn 
more at https://react
js.org/link/wrap-test
s-with-act
          at 
TestComponent (C:\dev
\proper-29\frontend\n
ode_modules\@testing-
library\react\dist\pu
re.js:281:5)

    [0m [90m 165 
|[39m     
[36mtry[39m {
     [90m 166 
|[39m       
[36mconst[39m data 
[33m=[39m 
[36mawait[39m secur
ityOpsService[33m.[
39mgetEvidence()[33m
;[39m
    [31m[1m>[22m[
39m[90m 167 |[39m  
     setEvidence(data
)[33m;[39m
     [90m     
|[39m       
[31m[1m^[22m[39m
     [90m 168 
|[39m     } 
[36mcatch[39m 
(error) {
     [90m 169 
|[39m       logger[
33m.[39merror([32m'
Failed to refresh evi
dence'[39m[33m,[39
m error 
[36minstanceof[39m 
[33mError[39m 
[33m?[39m error 
[33m:[39m 
[36mnew[39m [33mEr
ror[39m([33mString
[39m(error))[33m,[3
9m {
     [90m 170 
|[39m         
module[33m:[39m [3
2m'SecurityOperations
'[39m[33m,[39m[0m

      at 
printWarning (node_mo
dules/react-dom/cjs/r
eact-dom.development.
js:86:30)
      at error (node_
modules/react-dom/cjs
/react-dom.developmen
t.js:60:7)
      at warnIfUpdate
sNotWrappedWithActDEV
 (node_modules/react-
dom/cjs/react-dom.dev
elopment.js:27628:9)
      at scheduleUpda
teOnFiber (node_modul
es/react-dom/cjs/reac
t-dom.development.js:
25547:5)
      at setEvidence 
(node_modules/react-d
om/cjs/react-dom.deve
lopment.js:16708:7)
      at src/features
/security-operations-
center/hooks/useSecur
ityOperationsState.ts
:167:7

    console.error
      Warning: An 
update to 
TestComponent inside 
a test was not 
wrapped in act(...).
      
      When testing, 
code that causes 
React state updates 
should be wrapped 
into act(...):
      
      act(() => {
        /* fire 
events that update 
state */
      });
      /* assert on 
the output */
      
      This ensures 
that you're testing 
the behavior the 
user would see in 
the browser. Learn 
more at https://react
js.org/link/wrap-test
s-with-act
          at 
TestComponent (C:\dev
\proper-29\frontend\n
ode_modules\@testing-
library\react\dist\pu
re.js:281:5)

    [0m [90m 172 
|[39m       
})[33m;[39m
     [90m 173 
|[39m     } 
[36mfinally[39m {
    [31m[1m>[22m[
39m[90m 174 |[39m  
     
setLoading((prev) 
[33m=>[39m ({ [33m
...[39mprev[33m,[3
9m 
evidence[33m:[39m 
[36mfalse[39m 
}))[33m;[39m
     [90m     
|[39m       
[31m[1m^[22m[39m
     [90m 175 
|[39m     }
     [90m 176 
|[39m   
}[33m,[39m 
[])[33m;[39m
     [90m 177 
|[39m[0m

      at 
printWarning (node_mo
dules/react-dom/cjs/r
eact-dom.development.
js:86:30)
      at error (node_
modules/react-dom/cjs
/react-dom.developmen
t.js:60:7)
      at warnIfUpdate
sNotWrappedWithActDEV
 (node_modules/react-
dom/cjs/react-dom.dev
elopment.js:27628:9)
      at scheduleUpda
teOnFiber (node_modul
es/react-dom/cjs/reac
t-dom.development.js:
25547:5)
      at setLoading (
node_modules/react-do
m/cjs/react-dom.devel
opment.js:16708:7)
      at src/features
/security-operations-
center/hooks/useSecur
ityOperationsState.ts
:174:7

    console.error
      Warning: An 
update to 
TestComponent inside 
a test was not 
wrapped in act(...).
      
      When testing, 
code that causes 
React state updates 
should be wrapped 
into act(...):
      
      act(() => {
        /* fire 
events that update 
state */
      });
      /* assert on 
the output */
      
      This ensures 
that you're testing 
the behavior the 
user would see in 
the browser. Learn 
more at https://react
js.org/link/wrap-test
s-with-act
          at 
TestComponent (C:\dev
\proper-29\frontend\n
ode_modules\@testing-
library\react\dist\pu
re.js:281:5)

    [0m [90m 192 
|[39m         
avgUptime[33m:[39m 
cameras[33m.[39mlen
gth [33m>[39m 
[35m0[39m 
[33m?[39m [32m`${M
ath.round((cameras.fi
lter((camera) => 
camera.status === 
'online').length / 
cameras.length) * 
100)}%`[39m 
[33m:[39m [32m'0%'
[39m[33m,[39m
     [90m 193 
|[39m       
}[33m;[39m
    [31m[1m>[22m[
39m[90m 194 |[39m  
     setMetrics(compu
ted)[33m;[39m
     [90m     
|[39m       
[31m[1m^[22m[39m
     [90m 195 
|[39m     } 
[36mcatch[39m 
(error) {
     [90m 196 
|[39m       logger[
33m.[39merror([32m'
Failed to refresh met
rics'[39m[33m,[39m
 error 
[36minstanceof[39m 
[33mError[39m 
[33m?[39m error 
[33m:[39m 
[36mnew[39m [33mEr
ror[39m([33mString
[39m(error))[33m,[3
9m {
     [90m 197 
|[39m         
module[33m:[39m [3
2m'SecurityOperations
'[39m[33m,[39m[0m

      at 
printWarning (node_mo
dules/react-dom/cjs/r
eact-dom.development.
js:86:30)
      at error (node_
modules/react-dom/cjs
/react-dom.developmen
t.js:60:7)
      at warnIfUpdate
sNotWrappedWithActDEV
 (node_modules/react-
dom/cjs/react-dom.dev
elopment.js:27628:9)
      at scheduleUpda
teOnFiber (node_modul
es/react-dom/cjs/reac
t-dom.development.js:
25547:5)
      at setMetrics (
node_modules/react-do
m/cjs/react-dom.devel
opment.js:16708:7)
      at src/features
/security-operations-
center/hooks/useSecur
ityOperationsState.ts
:194:7

    console.error
      Warning: An 
update to 
TestComponent inside 
a test was not 
wrapped in act(...).
      
      When testing, 
code that causes 
React state updates 
should be wrapped 
into act(...):
      
      act(() => {
        /* fire 
events that update 
state */
      });
      /* assert on 
the output */
      
      This ensures 
that you're testing 
the behavior the 
user would see in 
the browser. Learn 
more at https://react
js.org/link/wrap-test
s-with-act
          at 
TestComponent (C:\dev
\proper-29\frontend\n
ode_modules\@testing-
library\react\dist\pu
re.js:281:5)

    [0m [90m 199 
|[39m       
})[33m;[39m
     [90m 200 
|[39m     } 
[36mfinally[39m {
    [31m[1m>[22m[
39m[90m 201 |[39m  
     
setLoading((prev) 
[33m=>[39m ({ [33m
...[39mprev[33m,[3
9m 
metrics[33m:[39m 
[36mfalse[39m 
}))[33m;[39m
     [90m     
|[39m       
[31m[1m^[22m[39m
     [90m 202 
|[39m     }
     [90m 203 
|[39m   
}[33m,[39m 
[cameras])[33m;[39m
     [90m 204 
|[39m[0m

      at 
printWarning (node_mo
dules/react-dom/cjs/r
eact-dom.development.
js:86:30)
      at error (node_
modules/react-dom/cjs
/react-dom.developmen
t.js:60:7)
      at warnIfUpdate
sNotWrappedWithActDEV
 (node_modules/react-
dom/cjs/react-dom.dev
elopment.js:27628:9)
      at scheduleUpda
teOnFiber (node_modul
es/react-dom/cjs/reac
t-dom.development.js:
25547:5)
      at setLoading (
node_modules/react-do
m/cjs/react-dom.devel
opment.js:16708:7)
      at src/features
/security-operations-
center/hooks/useSecur
ityOperationsState.ts
:201:7

    console.error
      Warning: An 
update to 
TestComponent inside 
a test was not 
wrapped in act(...).
      
      When testing, 
code that causes 
React state updates 
should be wrapped 
into act(...):
      
      act(() => {
        /* fire 
events that update 
state */
      });
      /* assert on 
the output */
      
      This ensures 
that you're testing 
the behavior the 
user would see in 
the browser. Learn 
more at https://react
js.org/link/wrap-test
s-with-act
          at 
TestComponent (C:\dev
\proper-29\frontend\n
ode_modules\@testing-
library\react\dist\pu
re.js:281:5)

    [0m [90m 216 
|[39m       
})[33m;[39m
     [90m 217 
|[39m     } 
[36mfinally[39m {
    [31m[1m>[22m[
39m[90m 218 |[39m  
     
setLoading((prev) 
[33m=>[39m ({ [33m
...[39mprev[33m,[3
9m 
analytics[33m:[39m 
[36mfalse[39m 
}))[33m;[39m
     [90m     
|[39m       
[31m[1m^[22m[39m
     [90m 219 
|[39m     }
     [90m 220 
|[39m   
}[33m,[39m 
[])[33m;[39m
     [90m 221 
|[39m[0m

      at 
printWarning (node_mo
dules/react-dom/cjs/r
eact-dom.development.
js:86:30)
      at error (node_
modules/react-dom/cjs
/react-dom.developmen
t.js:60:7)
      at warnIfUpdate
sNotWrappedWithActDEV
 (node_modules/react-
dom/cjs/react-dom.dev
elopment.js:27628:9)
      at scheduleUpda
teOnFiber (node_modul
es/react-dom/cjs/reac
t-dom.development.js:
25547:5)
      at setLoading (
node_modules/react-do
m/cjs/react-dom.devel
opment.js:16708:7)
      at src/features
/security-operations-
center/hooks/useSecur
ityOperationsState.ts
:218:7

    console.error
      Warning: An 
update to 
TestComponent inside 
a test was not 
wrapped in act(...).
      
      When testing, 
code that causes 
React state updates 
should be wrapped 
into act(...):
      
      act(() => {
        /* fire 
events that update 
state */
      });
      /* assert on 
the output */
      
      This ensures 
that you're testing 
the behavior the 
user would see in 
the browser. Learn 
more at https://react
js.org/link/wrap-test
s-with-act
          at 
TestComponent (C:\dev
\proper-29\frontend\n
ode_modules\@testing-
library\react\dist\pu
re.js:281:5)

    [0m [90m 233 
|[39m       
})[33m;[39m
     [90m 234 
|[39m     } 
[36mfinally[39m {
    [31m[1m>[22m[
39m[90m 235 |[39m  
     
setLoading((prev) 
[33m=>[39m ({ [33m
...[39mprev[33m,[3
9m 
settings[33m:[39m 
[36mfalse[39m 
}))[33m;[39m
     [90m     
|[39m       
[31m[1m^[22m[39m
     [90m 236 
|[39m     }
     [90m 237 
|[39m   
}[33m,[39m 
[])[33m;[39m
     [90m 238 
|[39m[0m

      at 
printWarning (node_mo
dules/react-dom/cjs/r
eact-dom.development.
js:86:30)
      at error (node_
modules/react-dom/cjs
/react-dom.developmen
t.js:60:7)
      at warnIfUpdate
sNotWrappedWithActDEV
 (node_modules/react-
dom/cjs/react-dom.dev
elopment.js:27628:9)
      at scheduleUpda
teOnFiber (node_modul
es/react-dom/cjs/reac
t-dom.development.js:
25547:5)
      at setLoading (
node_modules/react-do
m/cjs/react-dom.devel
opment.js:16708:7)
      at src/features
/security-operations-
center/hooks/useSecur
ityOperationsState.ts
:235:7

  ΓùÅ useSecurityOper
ationsState ΓÇ║ 
toggles recording 
and motion detection

    expect(received).
toBe(expected) // 
Object.is equality

    Expected: false
    Received: true

    [0m [90m 180 
|[39m     
})[33m;[39m
     [90m 181 |[39m
    [31m[1m>[22m[
39m[90m 182 |[39m  
   expect(result[33m
.[39mcurrent[33m.[
39mcameras[[35m0[39
m][33m.[39misRecord
ing)[33m.[39mtoBe(
[33m![39minitialReco
rding)[33m;[39m
     [90m     
|[39m               
                     
               
[31m[1m^[22m[39m
     [90m 183 
|[39m     expect(res
ult[33m.[39mcurrent
[33m.[39mcameras[[
35m0[39m][33m.[39m
motionDetectionEnable
d)[33m.[39mtoBe([3
3m![39minitialMotion
)[33m;[39m
     [90m 184 
|[39m   
})[33m;[39m
     [90m 185 
|[39m[0m

      at 
Object.<anonymous> (s
rc/features/security-
operations-center/__t
ests__/useSecurityOpe
rationsState.test.ts:
182:51)

Test Suites: 2 
failed, 2 total
Tests:       2 
failed, 9 passed, 11 
total
Snapshots:   0 total
Time:        3.453 
s, estimated 5 s
Ran all test suites 
matching /src\\featur
es\\security-operatio
ns-center/i.


