src/features/access-control/__tests__/useAccessControlState.test.ts(16,83): error TS1161: Unterminated regular expression literal.
src/features/access-control/__tests__/useAccessControlState.test.ts(17,3): error TS1005: ',' expected.
src/features/access-control/__tests__/useAccessControlState.test.ts(36,9): error TS1161: Unterminated regular expression literal.
src/features/access-control/__tests__/useAccessControlState.test.ts(37,7): error TS1161: Unterminated regular expression literal.
